// Jest Snapshot v1, https://goo.gl/fbAQLP

exports[`BusinessHoursView should render correctly (snapshot) 1`] = `
<div
  className="hs-view"
>
  <ErrorBoundaryWithLogging
    fallbackComponent={<NonBlockingError />}
  >
    <ViewHeader
      avatarUrl=""
      onCloseBtnClick={[MockFunction]}
      showAvatar={false}
      showBackBtn={false}
      showCloseBtn={false}
      title="MOCK_OOBH_VIEW_HEADER"
    />
  </ErrorBoundaryWithLogging>
  <ErrorBoundaryWithLogging
    fallbackComponent={<AppError />}
    onError={[Function]}
  >
    <BusinessHoursViewContents
      allowFullScreen={true}
      attachmentIsEnabled={false}
      attachmentsWhitelist={Array []}
      contactFormDetails={
        Object {
          "attachments": Array [],
          "attachmentsMeta": Object {
            "attachmentsAreInvalid": true,
            "featureIsEnabled": true,
            "limitHasExceeded": true,
            "sizeHasExceeded": true,
          },
          "email": Object {
            "name": Object {
              "enabled": true,
              "value": Object {
                "name": "MOCK_EMAIL",
                "value": "MOCK_EMAIL",
              },
            },
          },
          "message": Object {
            "name": Object {
              "enabled": true,
              "value": Object {
                "name": "MOCK_MESSAGE",
                "value": "MOCK_MESSAGE",
              },
            },
          },
          "name": Object {
            "enabled": true,
            "value": Object {
              "name": "MOCK_NAME",
              "value": "MOCK_NAME",
            },
          },
        }
      }
      contactFormDisabled={true}
      contactFormSubmitted={true}
      fullPrivacyEnabled={true}
      onEmailChange={[Function]}
      onFilesChange={[Function]}
      onMessageChange={[Function]}
      onMinimizeConversation={[MockFunction]}
      onNameChange={[Function]}
      onRemoveAttachmentClick={[Function]}
      onSendButtonClick={[Function]}
      setAxActiveIndex={[Function]}
      submitInProgress={true}
      text={
        Object {
          "ariaLabelAddedAttachmentPrefix": "MOCk_ARIA_LABEL_ADDED_ATTACHMENT",
          "ariaLabelAttachFiles": "MOCK_ARIA_LABEL_ATTACH_FILES",
          "ariaLabelsRemoveAttachment": "MOCk_ARIA_LABEL_REMOVE_ATTACHMENT",
          "attachmentDefaultError": "MOCK_DEFAULT_ERROR",
          "attachmentFileTypeError": "MOCK_FILE_TYPE_ERROR",
          "businessHoursAttachmentsLimitExceedMsg": "MOCK_LIMIT_EXCEED_MSG",
          "businessHoursAttachmentsSizeExceedMsg": "MOCK_SIZE_EXCEED_MSG",
          "businessHoursContactFormMessage": "MOCK_OOBH_CONTACT_FORM_MSG",
          "businessHoursOfflineMessage": "MOCK_OOBH_OFFLINE_MSG",
          "businessHoursSubmitBtn": "MOCK_OOBH_SUBMIT_BUTTON",
          "businessHoursThankYouMessage": "MOCK_OOBH_THANKYOU_MSG",
          "businessHoursViewHeader": "MOCK_OOBH_VIEW_HEADER",
          "closeConversationBtn": "MOCK_CLOSE_CONVERSATION_BUTTON",
          "dndInfoText": "MOCK_DND_INFO_TEXT",
        }
      }
    />
  </ErrorBoundaryWithLogging>
</div>
`;
