// Jest Snapshot v1, https://goo.gl/fbAQLP

exports[`CsatView should render correctly (snapshot) 1`] = `
<div
  className="hs-view outline-hidden"
  style={
    Object {
      "fontFamily": "MOCK_FONT_FAMILY",
    }
  }
>
  <ErrorBoundaryWithLogging
    fallbackComponent={<NonBlockingError />}
  >
    <ViewHeader
      avatarUrl={null}
      onCloseBtnClick={[MockFunction]}
      showAvatar={false}
      showBackBtn={false}
      showCloseBtn={false}
      title="MOCK_VIEW_HEADER"
    />
  </ErrorBoundaryWithLogging>
  <ErrorBoundaryWithLogging
    fallbackComponent={<AppError />}
    onError={[Function]}
  >
    <CsatViewContents
      csatSaveInProgress={false}
      onCsatReviewChange={[Function]}
      onStarClick={[Function]}
      onSubmitCsat={[MockFunction]}
      rating={0}
      review="MOCK_REVIEW"
      setAxActiveIndex={[Function]}
      text={
        Object {
          "csatBotFormSubmitBtn": "MOCK_FORM_SUBMIT_BUTTON",
          "csatBotRequestMsg": "MOCK_REQUEST_MESSAGE",
          "csatBotResponseMsg": "MOCK_RESPONSE_MESSAGE",
          "csatBotReviewPlaceholder": "MOCK_REVIEW_PLACEHOLDER",
          "csatBotReviewTitle": "MOCK_REVIEW_TITLE",
          "csatViewHeader": "MOCK_VIEW_HEADER",
        }
      }
    />
  </ErrorBoundaryWithLogging>
</div>
`;
