// Jest Snapshot v1, https://goo.gl/fbAQLP

exports[`CsatViewBody should render correctly (snapshot) 1`] = `
<div
  className="hs-csat__form"
>
  <div
    className="hs-csat__form-item"
  >
    <h3
      className="hs-csat__heading"
    >
      MOCK_REQUEST_MESSAGE
    </h3>
  </div>
  <div
    className="hs-csat__form-item"
  >
    <StarRating
      editing={true}
      name="csat"
      onStarClick={[MockFunction]}
      starCount={5}
      value={0}
    />
  </div>
  <div
    className="hs-csat__form-item"
  >
    <small
      className="hs-csat__form-label"
    >
      MOCK_REVIEW_TITLE
    </small>
    <textarea
      className="hs-csat__input"
      dir="auto"
      disabled={false}
      onChange={[MockFunction]}
      placeholder="MOCK_REVIEW_PLACEHOLDER"
      value="MOCK_REVIEW"
    />
  </div>
</div>
`;
